[debug] [2026-09-08T03:28:41.030Z] ----------------------------------------------------------------------
[debug] [2026-09-08T03:28:41.034Z] Command:       C:\Program Files\nodejs\node.exe C:\Users\Krrish\AppData\Roaming\npm\node_modules\firebase-tools\lib\bin\firebase.js deploy --only hosting
[debug] [2026-09-08T03:28:41.034Z] CLI Version:   15.29.0
[debug] [2026-09-08T03:28:41.034Z] Platform:      win32
[debug] [2026-09-08T03:28:41.035Z] Node Version:  v24.11.1
[debug] [2026-09-08T03:28:41.035Z] Detected Agent: antigravity
[debug] [2026-09-08T03:28:41.035Z] Time:          Tue Sep 08 2026 08:58:41 GMT+0530 (India Standard Time)
[debug] [2026-09-08T03:28:41.035Z] ----------------------------------------------------------------------
[debug] 
[debug] [2026-09-08T03:29:22.530Z] > command requires scopes: ["email","openid","https://www.googleapis.com/auth/cloudplatformprojects.readonly","https://www.googleapis.com/auth/firebase","https://www.googleapis.com/auth/cloud-platform"]
[debug] [2026-09-08T03:29:22.531Z] > authorizing via signed-in user (mail.vyomaboard@gmail.com)
[debug] [2026-09-08T03:29:22.531Z] [iam] checking project vyoma2board for permissions ["firebase.projects.get","firebasehosting.sites.update"]
[debug] [2026-09-08T03:29:22.550Z] Checked if tokens are valid: false, expires at: 1788832191065
[debug] [2026-09-08T03:29:22.550Z] Checked if tokens are valid: false, expires at: 1788832191065
[debug] [2026-09-08T03:29:22.551Z] > refreshing access token with scopes: []
[debug] [2026-09-08T03:29:22.554Z] >>> [apiv2][query] POST https://www.googleapis.com/oauth2/v3/token [none]
[debug] [2026-09-08T03:29:22.555Z] >>> [apiv2][body] POST https://www.googleapis.com/oauth2/v3/token [omitted]
[debug] [2026-09-08T03:29:33.247Z] *** [apiv2] error from fetch(https://www.googleapis.com/oauth2/v3/token, {"headers":{},"method":"POST","body":{"type":"Buffer","data":[45,45,45,45,45,45,45,45,45,45,45,45,45,45,45,45,45,45,45,45,45,45,45,45,45,45,45,45,99,101,99,102,52,50,100,48,102,55,100,99,48,102,53,51,100,98,97,56,48,52,57,98,13,10,67,111,110,116,101,110,116,45,68,105,115,112,111,115,105,116,105,111,110,58,32,102,111,114,109,45,100,97,116,97,59,32,110,97,109,101,61,34,114,101,102,114,101,115,104,95,116,111,107,101,110,34,13,10,13,10,49,47,47,48,103,95,75,90,49,56,101,120,49,117,73,101,67,103,89,73,65,82,65,65,71,66,65,83,78,119,70,45,76,57,73,114,77,111,83,55,84,68,48,95,77,75,102,72,117,98,51,89,110,49,86,66,101,54,111,45,67,121,117,48,56,52,83,102,75,76,101,75,67,50,66,103,78,51,69,52,67,105,89,117,55,65,78,57,83,66,118,97,87,82,76,115,72,111,110,82,55,86,56,13,10,45,45,45,45,45,45,45,45,45,45,45,45,45,45,45,45,45,45,45,45,45,45,45,45,45,45,45,45,99,101,99,102,52,50,100,48,102,55,100,99,48,102,53,51,100,98,97,56,48,52,57,98,13,10,67,111,110,116,101,110,116,45,68,105,115,112,111,115,105,116,105,111,110,58,32,102,111,114,109,45,100,97,116,97,59,32,110,97,109,101,61,34,99,108,105,101,110,116,95,105,100,34,13,10,13,10,53,54,51,53,56,52,51,51,53,56,54,57,45,102,103,114,104,103,109,100,52,55,98,113,110,101,107,105,106,53,105,56,98,53,112,114,48,51,104,111,56,52,57,101,54,46,97,112,112,115,46,103,111,111,103,108,101,117,115,101,114,99,111,110,116,101,110,116,46,99,111,109,13,10,45,45,45,45,45,45,45,45,45,45,45,45,45,45,45,45,45,45,45,45,45,45,45,45,45,45,45,45,99,101,99,102,52,50,100,48,102,55,100,99,48,102,53,51,100,98,97,56,48,52,57,98,13,10,67,111,110,116,101,110,116,45,68,105,115,112,111,115,105,116,105,111,110,58,32,102,111,114,109,45,100,97,116,97,59,32,110,97,109,101,61,34,99,108,105,101,110,116,95,115,101,99,114,101,116,34,13,10,13,10,106,57,105,86,90,102,83,56,107,107,67,69,70,85,80,97,65,101,74,86,48,115,65,105,13,10,45,45,45,45,45,45,45,45,45,45,45,45,45,45,45,45,45,45,45,45,45,45,45,45,45,45,45,45,99,101,99,102,52,50,100,48,102,55,100,99,48,102,53,51,100,98,97,56,48,52,57,98,13,10,67,111,110,116,101,110,116,45,68,105,115,112,111,115,105,116,105,111,110,58,32,102,111,114,109,45,100,97,116,97,59,32,110,97,109,101,61,34,103,114,97,110,116,95,116,121,112,101,34,13,10,13,10,114,101,102,114,101,115,104,95,116,111,107,101,110,13,10,45,45,45,45,45,45,45,45,45,45,45,45,45,45,45,45,45,45,45,45,45,45,45,45,45,45,45,45,99,101,99,102,52,50,100,48,102,55,100,99,48,102,53,51,100,98,97,56,48,52,57,98,13,10,67,111,110,116,101,110,116,45,68,105,115,112,111,115,105,116,105,111,110,58,32,102,111,114,109,45,100,97,116,97,59,32,110,97,109,101,61,34,115,99,111,112,101,34,13,10,13,10,13,10,45,45,45,45,45,45,45,45,45,45,45,45,45,45,45,45,45,45,45,45,45,45,45,45,45,45,45,45,99,101,99,102,52,50,100,48,102,55,100,99,48,102,53,51,100,98,97,56,48,52,57,98,45,45,13,10]}}): ConnectTimeoutError: Connect Timeout Error (attempted address: www.googleapis.com:443, timeout: 10000ms)
[error] Authentication Error: Your credentials are no longer valid. Please run firebase login --reauth

For CI servers and headless environments, generate a new token with firebase login:ci
[debug] [2026-09-08T03:29:33.249Z] [iam] error while checking permissions, command may fail: Authentication Error: Your credentials are no longer valid. Please run firebase login --reauth

For CI servers and headless environments, generate a new token with firebase login:ci
[debug] [2026-09-08T03:29:33.250Z] Checked if tokens are valid: false, expires at: 1788832191065
[debug] [2026-09-08T03:29:33.250Z] Checked if tokens are valid: false, expires at: 1788832191065
[debug] [2026-09-08T03:29:33.250Z] > refreshing access token with scopes: []
[debug] [2026-09-08T03:29:33.252Z] >>> [apiv2][query] POST https://www.googleapis.com/oauth2/v3/token [none]
[debug] [2026-09-08T03:29:33.253Z] >>> [apiv2][body] POST https://www.googleapis.com/oauth2/v3/token [omitted]
[debug] [2026-09-08T03:29:33.259Z] *** [apiv2] error from fetch(https://www.googleapis.com/oauth2/v3/token, {"headers":{},"method":"POST","body":{"type":"Buffer","data":[45,45,45,45,45,45,45,45,45,45,45,45,45,45,45,45,45,45,45,45,45,45,45,45,45,45,45,45,57,102,48,99,55,56,48,50,101,52,98,98,99,50,49,49,57,97,102,50,48,101,101,48,13,10,67,111,110,116,101,110,116,45,68,105,115,112,111,115,105,116,105,111,110,58,32,102,111,114,109,45,100,97,116,97,59,32,110,97,109,101,61,34,114,101,102,114,101,115,104,95,116,111,107,101,110,34,13,10,13,10,49,47,47,48,103,95,75,90,49,56,101,120,49,117,73,101,67,103,89,73,65,82,65,65,71,66,65,83,78,119,70,45,76,57,73,114,77,111,83,55,84,68,48,95,77,75,102,72,117,98,51,89,110,49,86,66,101,54,111,45,67,121,117,48,56,52,83,102,75,76,101,75,67,50,66,103,78,51,69,52,67,105,89,117,55,65,78,57,83,66,118,97,87,82,76,115,72,111,110,82,55,86,56,13,10,45,45,45,45,45,45,45,45,45,45,45,45,45,45,45,45,45,45,45,45,45,45,45,45,45,45,45,45,57,102,48,99,55,56,48,50,101,52,98,98,99,50,49,49,57,97,102,50,48,101,101,48,13,10,67,111,110,116,101,110,116,45,68,105,115,112,111,115,105,116,105,111,110,58,32,102,111,114,109,45,100,97,116,97,59,32,110,97,109,101,61,34,99,108,105,101,110,116,95,105,100,34,13,10,13,10,53,54,51,53,56,52,51,51,53,56,54,57,45,102,103,114,104,103,109,100,52,55,98,113,110,101,107,105,106,53,105,56,98,53,112,114,48,51,104,111,56,52,57,101,54,46,97,112,112,115,46,103,111,111,103,108,101,117,115,101,114,99,111,110,116,101,110,116,46,99,111,109,13,10,45,45,45,45,45,45,45,45,45,45,45,45,45,45,45,45,45,45,45,45,45,45,45,45,45,45,45,45,57,102,48,99,55,56,48,50,101,52,98,98,99,50,49,49,57,97,102,50,48,101,101,48,13,10,67,111,110,116,101,110,116,45,68,105,115,112,111,115,105,116,105,111,110,58,32,102,111,114,109,45,100,97,116,97,59,32,110,97,109,101,61,34,99,108,105,101,110,116,95,115,101,99,114,101,116,34,13,10,13,10,106,57,105,86,90,102,83,56,107,107,67,69,70,85,80,97,65,101,74,86,48,115,65,105,13,10,45,45,45,45,45,45,45,45,45,45,45,45,45,45,45,45,45,45,45,45,45,45,45,45,45,45,45,45,57,102,48,99,55,56,48,50,101,52,98,98,99,50,49,49,57,97,102,50,48,101,101,48,13,10,67,111,110,116,101,110,116,45,68,105,115,112,111,115,105,116,105,111,110,58,32,102,111,114,109,45,100,97,116,97,59,32,110,97,109,101,61,34,103,114,97,110,116,95,116,121,112,101,34,13,10,13,10,114,101,102,114,101,115,104,95,116,111,107,101,110,13,10,45,45,45,45,45,45,45,45,45,45,45,45,45,45,45,45,45,45,45,45,45,45,45,45,45,45,45,45,57,102,48,99,55,56,48,50,101,52,98,98,99,50,49,49,57,97,102,50,48,101,101,48,13,10,67,111,110,116,101,110,116,45,68,105,115,112,111,115,105,116,105,111,110,58,32,102,111,114,109,45,100,97,116,97,59,32,110,97,109,101,61,34,115,99,111,112,101,34,13,10,13,10,13,10,45,45,45,45,45,45,45,45,45,45,45,45,45,45,45,45,45,45,45,45,45,45,45,45,45,45,45,45,57,102,48,99,55,56,48,50,101,52,98,98,99,50,49,49,57,97,102,50,48,101,101,48,45,45,13,10]}}): Error: getaddrinfo ENOTFOUND www.googleapis.com
[error] Authentication Error: Your credentials are no longer valid. Please run firebase login --reauth

For CI servers and headless environments, generate a new token with firebase login:ci
[debug] [2026-09-08T03:29:33.260Z] Authentication Error: Your credentials are no longer valid. Please run firebase login --reauth

For CI servers and headless environments, generate a new token with firebase login:ci
[error] 
[error] Error: Assertion failed: resolving hosting target of a site with no site name or target name. This should have caused an error earlier
